// Jest Snapshot v1, https://goo.gl/fbAQLP

exports[`TabReviews is rendered correctly 1`] = `
<div
  className="movie-card__reviews movie-card__row"
>
  <div
    className="movie-card__reviews-col"
  >
    <div
      className="review"
    >
      <blockquote
        className="review__quote"
      >
        <p
          className="review__text"
        >
          Mauris interdum dolor a convallis pharetra. Fusce porttitor dictum mi, id tincidunt ligula lobortis eu. Vivamus elementum nisl eu elit cursus, id luctus justo posuere. Vivamus elementum nisl eu elit cursus, id luctus justo posuere. Nunc sapien turpis, eleifend in odio at, ullamcorper efficitur lorem. 
        </p>
        <footer
          className="review__details"
        >
          <cite
            className="review__author"
          >
            Ivan
          </cite>
          <time
            className="review__date"
            dateTime="2021-11-01"
          >
            November 1, 2021
          </time>
        </footer>
      </blockquote>
      <div
        className="review__rating"
      >
        8
      </div>
    </div>
    <div
      className="review"
    >
      <blockquote
        className="review__quote"
      >
        <p
          className="review__text"
        >
          Nunc sapien turpis, eleifend in odio at, ullamcorper efficitur lorem. Quisque fringilla lacinia pulvinar. Donec vel semper nunc, ac posuere lorem. Nulla sed tortor nunc.. 
        </p>
        <footer
          className="review__details"
        >
          <cite
            className="review__author"
          >
            Genka
          </cite>
          <time
            className="review__date"
            dateTime="2021-11-01"
          >
            November 1, 2021
          </time>
        </footer>
      </blockquote>
      <div
        className="review__rating"
      >
        0
      </div>
    </div>
  </div>
  <div
    className="movie-card__reviews-col"
  >
    <div
      className="review"
    >
      <blockquote
        className="review__quote"
      >
        <p
          className="review__text"
        >
          Mauris interdum dolor a convallis pharetra. Fusce porttitor dictum mi, id tincidunt ligula lobortis eu. Integer commodo enim eget ullamcorper faucibus. Lorem ipsum dolor sit amet, consectetur adipiscing elit. 
        </p>
        <footer
          className="review__details"
        >
          <cite
            className="review__author"
          >
            Cheba
          </cite>
          <time
            className="review__date"
            dateTime="2021-11-01"
          >
            November 1, 2021
          </time>
        </footer>
      </blockquote>
      <div
        className="review__rating"
      >
        5
      </div>
    </div>
    <div
      className="review"
    >
      <blockquote
        className="review__quote"
      >
        <p
          className="review__text"
        >
          Nunc sapien turpis, eleifend in odio at, ullamcorper efficitur lorem. Praesent in nisi condimentum, aliquet nisl at, fermentum neque. Nunc sapien turpis, eleifend in odio at, ullamcorper efficitur lorem. 
        </p>
        <footer
          className="review__details"
        >
          <cite
            className="review__author"
          >
            Cheba
          </cite>
          <time
            className="review__date"
            dateTime="2021-11-01"
          >
            November 1, 2021
          </time>
        </footer>
      </blockquote>
      <div
        className="review__rating"
      >
        5
      </div>
    </div>
  </div>
</div>
`;
