// Jest Snapshot v1, https://goo.gl/fbAQLP

exports[`Tabs is rendered correctly 1`] = `
<div
  className="movie-card__desc"
>
  <nav
    className="movie-nav movie-card__nav"
  >
    <ul
      className="movie-nav__list"
    >
      <li
        className="movie-nav__item movie-nav__item--active"
      >
        <a
          className="movie-nav__link"
          href="#"
          onClick={[Function]}
        >
          Overview
        </a>
      </li>
      <li
        className="movie-nav__item "
      >
        <a
          className="movie-nav__link"
          href="#"
          onClick={[Function]}
        >
          Details
        </a>
      </li>
      <li
        className="movie-nav__item "
      >
        <a
          className="movie-nav__link"
          href="#"
          onClick={[Function]}
        >
          Reviews
        </a>
      </li>
    </ul>
  </nav>
  <div
    className="movie-rating"
  >
    <div
      className="movie-rating__score"
    >
      5
    </div>
    <p
      className="movie-rating__meta"
    >
      <span
        className="movie-rating__level"
      >
        Excellent
      </span>
      <span
        className="movie-rating__count"
      >
        783
         ratings
      </span>
    </p>
  </div>
  <div
    className="movie-card__text"
  >
    <p>
      Mauris interdum dolor a convallis pharetra. Fusce porttitor dictum mi, id tincidunt ligula lobortis eu. Integer commodo enim eget ullamcorper faucibus. Lorem ipsum dolor sit amet, consectetur adipiscing elit. Integer commodo enim eget ullamcorper faucibus. Lorem ipsum dolor sit amet, consectetur adipiscing elit. 
    </p>
    <p
      className="movie-card__director"
    >
      <strong>
        Director: 
        Christopher Nolan
      </strong>
    </p>
    <p
      className="movie-card__starring"
    >
      <strong>
        Starring: 
        Quentin Tarantino, David Fincher
         
        
      </strong>
    </p>
  </div>
</div>
`;
