// Jest Snapshot v1, https://goo.gl/fbAQLP

exports[`ListOfFilmsLikeThis is rendered correctly 1`] = `null`;
